# serializer version: 1
# name: test_report_intersection_partial
  dict({
    'data': dict({
      'attributes': dict({
        'billed': None,
        'comment': 'test',
        'not-billable': None,
        'rejected': False,
        'review': None,
        'verified': None,
      }),
      'id': '',
      'relationships': dict({
        'customer': dict({
          'data': None,
        }),
        'project': dict({
          'data': None,
        }),
        'task': dict({
          'data': None,
        }),
        'user': dict({
          'data': None,
        }),
      }),
      'type': 'report-intersections',
    }),
    'meta': dict({
      'count': 2,
    }),
  })
# ---
# name: test_report_notify_rendering
  '''
  
  Some of your reports have been changed.
  
  Reviewer: Test User
  
  
  Date: 03 March 1975
  Duration: 3:15 (h:mm)
  
  
  
  * Task
    [old] Brown LLC > Synchronized impactful attitude > LLC
    [new] Brown LLC > Synchronized impactful attitude > LLC
  
  * Comment
    [old] foo
    [new] some other comment
  
  ---
  
  Date: 07 May 1993
  Duration: 1:00 (h:mm)
  Task: Brown LLC > Synchronized impactful attitude > LLC
  
  
  * Comment
    [old] original comment
    [new] some other comment
  
  ---
  
  Date: 23 August 1996
  Duration: 0:15 (h:mm)
  Task: Brown LLC > Synchronized impactful attitude > LLC
  Comment: some other comment
  
  * Not_Billable
    [old] True
    [new] False
  
  ---
  
  Date: 30 August 1998
  Duration: 2:30 (h:mm)
  
  Comment: some other comment
  
  * Task
    [old] Brown LLC > Synchronized impactful attitude > and Sons
    [new] Brown LLC > Synchronized impactful attitude > LLC
  
  ---
  
  '''
# ---
